// Jest Snapshot v1, https://goo.gl/fbAQLP

exports[`<Search /> renders without crashing 1`] = `<PureComponent />`;
