// Jest Snapshot v1, https://goo.gl/fbAQLP

exports[`<Layout /> renders without crashing 1`] = `<Layout />`;
